# Домашнее задание к занятию "3.5. Файловые системы"

## Задача 1

Узнайте о sparse (разряженных) файлах.

### Ответ
Интересная технология

## Задача 2

Могут ли файлы, являющиеся жесткой ссылкой на один объект, иметь разные права доступа и владельца? Почему?

### Ответ

Не могут. Видимо потому, что использется одна и та же область диска и тот же inode
Проверил на практике:
```
vagrant@vagrant:~$ touch hard_file
vagrant@vagrant:~$ ln hard_file /tmp/hl_file
vagrant@vagrant:~$ ll hard_file 
-rw-rw-r-- 2 vagrant vagrant 0 Dec  2 12:12 hard_file
vagrant@vagrant:~$ ll /tmp/hl_file 
-rw-rw-r-- 2 vagrant vagrant 0 Dec  2 12:12 /tmp/hl_file
vagrant@vagrant:~$ chmod ugo+x hard_file 
vagrant@vagrant:~$ ll hard_file 
-rwxrwxr-x 2 vagrant vagrant 0 Dec  2 12:12 hard_file*
vagrant@vagrant:~$ ll /tmp/hl_file 
-rwxrwxr-x 2 vagrant vagrant 0 Dec  2 12:12 /tmp/hl_file*
vagrant@vagrant:~$ cho
choom  chown  
vagrant@vagrant:~$ cho
choom  chown  
vagrant@vagrant:~$ chown :
Display all 4233 possibilities? (y or n)
vagrant@vagrant:~$ chown root hard_file 
chown: changing ownership of 'hard_file': Operation not permitted
vagrant@vagrant:~$ sudo chown root hard_file 
vagrant@vagrant:~$ ll hard_file 
-rwxrwxr-x 2 root vagrant 0 Dec  2 12:12 hard_file*
vagrant@vagrant:~$ ll /tmp/hl_file 
-rwxrwxr-x 2 root vagrant 0 Dec  2 12:12 /tmp/hl_file*
```
## Задача 3

Сделайте vagrant destroy на имеющийся инстанс Ubuntu. Замените содержимое Vagrantfile следующим:
```
Vagrant.configure("2") do |config|
  config.vm.box = "bento/ubuntu-20.04"
  config.vm.provider :virtualbox do |vb|
    lvm_experiments_disk0_path = "/tmp/lvm_experiments_disk0.vmdk"
    lvm_experiments_disk1_path = "/tmp/lvm_experiments_disk1.vmdk"
    vb.customize ['createmedium', '--filename', lvm_experiments_disk0_path, '--size', 2560]
    vb.customize ['createmedium', '--filename', lvm_experiments_disk1_path, '--size', 2560]
    vb.customize ['storageattach', :id, '--storagectl', 'SATA Controller', '--port', 1, '--device', 0, '--type', 'hdd', '--medium', lvm_experiments_disk0_path]
    vb.customize ['storageattach', :id, '--storagectl', 'SATA Controller', '--port', 2, '--device', 0, '--type', 'hdd', '--medium', lvm_experiments_disk1_path]
  end
end
```
Данная конфигурация создаст новую виртуальную машину с двумя дополнительными неразмеченными дисками по 2.5 Гб.
 
### Ответ
```
roman@DME-UBUNTU:/data/VMs/vagrant$ vagrant up
Bringing machine 'default' up with 'virtualbox' provider...
==> default: Importing base box 'bento/ubuntu-20.04'...
==> default: Matching MAC address for NAT networking...
==> default: Checking if box 'bento/ubuntu-20.04' version '202107.28.0' is up to date...
==> default: Setting the name of the VM: vagrant_default_1638448012859_44658
==> default: Clearing any previously set network interfaces...
==> default: Preparing network interfaces based on configuration...
    default: Adapter 1: nat
==> default: Forwarding ports...
    default: 9100 (guest) => 9100 (host) (adapter 1)
    default: 19999 (guest) => 19999 (host) (adapter 1)
    default: 22 (guest) => 2222 (host) (adapter 1)
==> default: Running 'pre-boot' VM customizations...
==> default: Booting VM...
==> default: Waiting for machine to boot. This may take a few minutes...
    default: SSH address: 127.0.0.1:2222
    default: SSH username: vagrant
    default: SSH auth method: private key
    default: 
    default: Vagrant insecure key detected. Vagrant will automatically replace
    default: this with a newly generated keypair for better security.
    default: 
    default: Inserting generated public key within guest...
    default: Removing insecure key from the guest if it's present...
    default: Key inserted! Disconnecting and reconnecting using new SSH key...
==> default: Machine booted and ready!
==> default: Checking for guest additions in VM...
==> default: Mounting shared folders...
    default: /vagrant => /data/VMs/vagrant
```
## Задача 4

Используя fdisk, разбейте первый диск на 2 раздела: 2 Гб, оставшееся пространство.

### Ответ
```
vagrant@vagrant:~$ sudo fdisk -l /dev/sdb
Disk /dev/sdb: 2.51 GiB, 2684354560 bytes, 5242880 sectors
Disk model: VBOX HARDDISK   
Units: sectors of 1 * 512 = 512 bytes
Sector size (logical/physical): 512 bytes / 512 bytes
I/O size (minimum/optimal): 512 bytes / 512 bytes
Disklabel type: dos
Disk identifier: 0x8e711289

Device     Boot   Start     End Sectors  Size Id Type
/dev/sdb1          2048 1026047 1024000  500M 83 Linux
/dev/sdb2       1026048 5242879 4216832    2G 83 Linux
```
## Задача 5

Используя sfdisk, перенесите данную таблицу разделов на второй диск.

### Ответ
```
vagrant@vagrant:~$ sudo sfdisk -d /dev/sdb | sudo sfdisk /dev/sdc
Checking that no-one is using this disk right now ... OK

Disk /dev/sdc: 2.51 GiB, 2684354560 bytes, 5242880 sectors
Disk model: VBOX HARDDISK   
Units: sectors of 1 * 512 = 512 bytes
Sector size (logical/physical): 512 bytes / 512 bytes
I/O size (minimum/optimal): 512 bytes / 512 bytes

>>> Script header accepted.
>>> Script header accepted.
>>> Script header accepted.
>>> Script header accepted.
>>> Created a new DOS disklabel with disk identifier 0x8e711289.
/dev/sdc1: Created a new partition 1 of type 'Linux' and of size 500 MiB.
/dev/sdc2: Created a new partition 2 of type 'Linux' and of size 2 GiB.
/dev/sdc3: Done.

New situation:
Disklabel type: dos
Disk identifier: 0x8e711289

Device     Boot   Start     End Sectors  Size Id Type
/dev/sdc1          2048 1026047 1024000  500M 83 Linux
/dev/sdc2       1026048 5242879 4216832    2G 83 Linux

The partition table has been altered.
Calling ioctl() to re-read partition table.
Syncing disks.
```
## Задача 6

Соберите mdadm RAID1 на паре разделов 2 Гб

### Ответ
```
sudo mdadm --create /dev/md0 -l 1 --raid-device=2 /dev/sdb1 /dev/sdc1
mdadm: Note: this array has metadata at the start and
    may not be suitable as a boot device.  If you plan to
    store '/boot' on this device please ensure that
    your boot-loader understands md/v1.x metadata, or use
    --metadata=0.90
Continue creating array? y
mdadm: Defaulting to version 1.2 metadata
mdadm: array /dev/md0 started.
agrant@vagrant:~$ sudo mdadm -D /dev/md0
/dev/md0:
           Version : 1.2
     Creation Time : Thu Dec  2 13:18:45 2021
        Raid Level : raid1
        Array Size : 510976 (499.00 MiB 523.24 MB)
     Used Dev Size : 510976 (499.00 MiB 523.24 MB)
      Raid Devices : 2
     Total Devices : 2
       Persistence : Superblock is persistent

       Update Time : Thu Dec  2 13:18:47 2021
             State : clean 
    Active Devices : 2
   Working Devices : 2
    Failed Devices : 0
     Spare Devices : 0

Consistency Policy : resync

              Name : vagrant:0  (local to host vagrant)
              UUID : 13781082:eaf2982b:c35afd63:411ff60b
            Events : 17

    Number   Major   Minor   RaidDevice State
       0       8       17        0      active sync   /dev/sdb1
       1       8       33        1      active sync   /dev/sdc1
  
```
## Задача 7

Соберите mdadm RAID0 на второй паре маленьких разделов.

### Ответ
```
vagrant@vagrant:~$ sudo mdadm --create /dev/md1 -l 1 -n 2 /dev/sdb2 /dev/sdc2
mdadm: Note: this array has metadata at the start and
    may not be suitable as a boot device.  If you plan to
    store '/boot' on this device please ensure that
    your boot-loader understands md/v1.x metadata, or use
    --metadata=0.90
Continue creating array? y
mdadm: Defaulting to version 1.2 metadata
mdadm: array /dev/md1 started.
agrant@vagrant:~$ sudo mdadm -D /dev/md1
/dev/md1:
           Version : 1.2
     Creation Time : Thu Dec  2 13:21:02 2021
        Raid Level : raid1
        Array Size : 2105344 (2.01 GiB 2.16 GB)
     Used Dev Size : 2105344 (2.01 GiB 2.16 GB)
      Raid Devices : 2
     Total Devices : 2
       Persistence : Superblock is persistent

       Update Time : Thu Dec  2 13:21:13 2021
             State : clean 
    Active Devices : 2
   Working Devices : 2
    Failed Devices : 0
     Spare Devices : 0

Consistency Policy : resync

              Name : vagrant:1  (local to host vagrant)
              UUID : 905de560:460126f0:8f988c80:479d9c19
            Events : 17

    Number   Major   Minor   RaidDevice State
       0       8       18        0      active sync   /dev/sdb2
       1       8       34        1      active sync   /dev/sdc2
```
## Задача 8

Создайте 2 независимых PV на получившихся md-устройствах.

### Ответ
```
vagrant@vagrant:~$ sudo pvcreate /dev/md0 /dev/md1
  Physical volume "/dev/md0" successfully created.
  Physical volume "/dev/md1" successfully created.
vagrant@vagrant:~$ sudo pvs
  PV         VG        Fmt  Attr PSize   PFree  
  /dev/md0             lvm2 ---  499.00m 499.00m
  /dev/md1             lvm2 ---   <2.01g  <2.01g
  /dev/sda5  vgvagrant lvm2 a--  <63.50g      0 
```
## Задача 9

Создайте общую volume-group на этих двух PV.

### Ответ
```
vagrant@vagrant:~$ sudo vgcreate /dev/vg1 /dev/md0 /dev/md1
  Volume group "vg1" successfully created
vagrant@vagrant:~$ sudo vgdisplay
  --- Volume group ---
  VG Name               vgvagrant
  System ID             
  Format                lvm2
  Metadata Areas        1
  Metadata Sequence No  3
  VG Access             read/write
  VG Status             resizable
  MAX LV                0
  Cur LV                2
  Open LV               2
  Max PV                0
  Cur PV                1
  Act PV                1
  VG Size               <63.50 GiB
  PE Size               4.00 MiB
  Total PE              16255
  Alloc PE / Size       16255 / <63.50 GiB
  Free  PE / Size       0 / 0   
  VG UUID               PaBfZ0-3I0c-iIdl-uXKt-JL4K-f4tT-kzfcyE
   
  --- Volume group ---
  VG Name               vg1
  System ID             
  Format                lvm2
  Metadata Areas        2
  Metadata Sequence No  1
  VG Access             read/write
  VG Status             resizable
  MAX LV                0
  Cur LV                0
  Open LV               0
  Max PV                0
  Cur PV                2
  Act PV                2
  VG Size               <2.49 GiB
  PE Size               4.00 MiB
  Total PE              637
  Alloc PE / Size       0 / 0   
  Free  PE / Size       637 / <2.49 GiB
  VG UUID               aOyo0d-MhoN-zKm2-Ipi4-EgI3-k5Kv-MqpxXz
```
## Задача 10

Создайте LV размером 100 Мб, указав его расположение на PV с RAID0.

### Ответ
```
vagrant@vagrant:~$ sudo lvcreate -L 100M vg1 /dev/md1
  Logical volume "lvol0" created.
vagrant@vagrant:~$ sudo lvdisplay
...............
 --- Logical volume ---
  LV Path                /dev/vg1/lvol0
  LV Name                lvol0
  VG Name                vg1
  LV UUID                bAEk1c-mrrB-so4M-X5R8-yfxm-w1Fx-SpycM0
  LV Write Access        read/write
  LV Creation host, time vagrant, 2021-12-02 13:46:20 +0000
  LV Status              available
  # open                 0
  LV Size                100.00 MiB
  Current LE             25
  Segments               1
  Allocation             inherit
  Read ahead sectors     auto
  - currently set to     256
  Block device           253:2
```
## Задача 11

Создайте mkfs.ext4 ФС на получившемся LV

### Ответ
```
agrant@vagrant:~$ sudo mkfs.ext4 /dev/vg1/lvol0
mke2fs 1.45.5 (07-Jan-2020)
Creating filesystem with 25600 4k blocks and 25600 inodes

Allocating group tables: done                            
Writing inode tables: done                            
Creating journal (1024 blocks): done
Writing superblocks and filesystem accounting information: done
```
## Задача 12

Смонтируйте этот раздел в любую директорию, например, /tmp/new.

### Ответ
```
vagrant@vagrant:~$ mkdir /tmp/new
vagrant@vagrant:~$ sudo mount /dev/vg1/lvol0 /tmp/new
vagrant@vagrant:~$ ls /tmp/new
lost+found
```

## Задача 13

Поместите туда тестовый файл, например wget https://mirror.yandex.ru/ubuntu/ls-lR.gz -O /tmp/new/test.gz.

### Ответ
```
vagrant@vagrant:/tmp/new$ sudo wget https://mirror.yandex.ru/ubuntu/ls-lR.gz -O /tmp/new/test.gz
--2021-12-02 14:00:37--  https://mirror.yandex.ru/ubuntu/ls-lR.gz
Resolving mirror.yandex.ru (mirror.yandex.ru)... 213.180.204.183, 2a02:6b8::183
Connecting to mirror.yandex.ru (mirror.yandex.ru)|213.180.204.183|:443... connected.
HTTP request sent, awaiting response... 200 OK
Length: 22748621 (22M) [application/octet-stream]
Saving to: ‘/tmp/new/test.gz’

/tmp/new/test.gz                                   100%[================================================================================================================>]  21.69M  8.31MB/s    in 2.6s    

2021-12-02 14:00:39 (8.31 MB/s) - ‘/tmp/new/test.gz’ saved [22748621/22748621]

vagrant@vagrant:/tmp/new$ ls
lost+found  test.gz
```

## Задача 14

Прикрепите вывод lsblk.

### Ответ
```
vagrant@vagrant:/tmp/new$ lsblk
NAME                 MAJ:MIN RM  SIZE RO TYPE  MOUNTPOINT
sda                    8:0    0   64G  0 disk  
├─sda1                 8:1    0  512M  0 part  /boot/efi
├─sda2                 8:2    0    1K  0 part  
└─sda5                 8:5    0 63.5G  0 part  
  ├─vgvagrant-root   253:0    0 62.6G  0 lvm   /
  └─vgvagrant-swap_1 253:1    0  980M  0 lvm   [SWAP]
sdb                    8:16   0  2.5G  0 disk  
├─sdb1                 8:17   0  500M  0 part  
│ └─md0                9:0    0  499M  0 raid1 
└─sdb2                 8:18   0    2G  0 part  
  └─md1                9:1    0    2G  0 raid1 
    └─vg1-lvol0      253:2    0  100M  0 lvm   /tmp/new
sdc                    8:32   0  2.5G  0 disk  
├─sdc1                 8:33   0  500M  0 part  
│ └─md0                9:0    0  499M  0 raid1 
└─sdc2                 8:34   0    2G  0 part  
  └─md1                9:1    0    2G  0 raid1 
    └─vg1-lvol0      253:2    0  100M  0 lvm   /tmp/new
```

## Задача 15

Протестируйте целостность файла:
```
vagrant@vagrant:/tmp/new$ gzip -t /tmp/new/test.gz
vagrant@vagrant:/tmp/new$ echo $?
0
```
### Ответ

Сделано

## Задача 16

Используя pvmove, переместите содержимое PV с RAID0 на RAID1.

### Ответ
```
vagrant@vagrant:/tmp/new$ sudo pvmove -n lvol0 /dev/md1
  /dev/md1: Moved: 16.00%
        
  /dev/md1: Moved: 100.00%
vagrant@vagrant:/tmp/new$ 
vagrant@vagrant:/tmp/new$ lsblk
NAME                 MAJ:MIN RM  SIZE RO TYPE  MOUNTPOINT
sda                    8:0    0   64G  0 disk  
├─sda1                 8:1    0  512M  0 part  /boot/efi
├─sda2                 8:2    0    1K  0 part  
└─sda5                 8:5    0 63.5G  0 part  
  ├─vgvagrant-root   253:0    0 62.6G  0 lvm   /
  └─vgvagrant-swap_1 253:1    0  980M  0 lvm   [SWAP]
sdb                    8:16   0  2.5G  0 disk  
├─sdb1                 8:17   0  500M  0 part  
│ └─md0                9:0    0  499M  0 raid1 
│   └─vg1-lvol0      253:2    0  100M  0 lvm   /tmp/new
└─sdb2                 8:18   0    2G  0 part  
  └─md1                9:1    0    2G  0 raid1 
sdc                    8:32   0  2.5G  0 disk  
├─sdc1                 8:33   0  500M  0 part  
│ └─md0                9:0    0  499M  0 raid1 
│   └─vg1-lvol0      253:2    0  100M  0 lvm   /tmp/new
└─sdc2                 8:34   0    2G  0 part  
  └─md1                9:1    0    2G  0 raid1 
```
## Задача 17

Сделайте --fail на устройство в вашем RAID1 md.

### Ответ
```
vagrant@vagrant:/tmp/new$ sudo mdadm --fail /dev/md0 /dev/sdb1
mdadm: set /dev/sdb1 faulty in /dev/md0
vagrant@vagrant:/tmp/new$ sudo mdadm -D /dev/md0
/dev/md0:
           Version : 1.2
     Creation Time : Thu Dec  2 13:18:45 2021
        Raid Level : raid1
        Array Size : 510976 (499.00 MiB 523.24 MB)
     Used Dev Size : 510976 (499.00 MiB 523.24 MB)
      Raid Devices : 2
     Total Devices : 2
       Persistence : Superblock is persistent

       Update Time : Thu Dec  2 14:20:54 2021
             State : clean, degraded 
    Active Devices : 1
   Working Devices : 1
    Failed Devices : 1
     Spare Devices : 0

Consistency Policy : resync

              Name : vagrant:0  (local to host vagrant)
              UUID : 13781082:eaf2982b:c35afd63:411ff60b
            Events : 19

    Number   Major   Minor   RaidDevice State
       -       0        0        0      removed
       1       8       33        1      active sync   /dev/sdc1

       0       8       17        -      faulty   /dev/sdb1
```
## Задача 18

Подтвердите выводом dmesg, что RAID1 работает в деградированном состоянии.

### Ответ
```
vagrant@vagrant:/tmp/new$ dmesg | grep raid1
[ 3105.764770] md/raid1:md0: not clean -- starting background reconstruction
[ 3105.764772] md/raid1:md0: active with 2 out of 2 mirrors
[ 3243.374065] md/raid1:md1: not clean -- starting background reconstruction
[ 3243.374067] md/raid1:md1: active with 2 out of 2 mirrors
[ 6834.134743] md/raid1:md0: Disk failure on sdb1, disabling device.
               md/raid1:md0: Operation continuing on 1 devices.
```

## Задача 19

Протестируйте целостность файла, несмотря на "сбойный" диск он должен продолжать быть доступен:
```
vagrant@vagrant:/tmp/new$ gzip -t /tmp/new/test.gz
vagrant@vagrant:/tmp/new$ echo $?
0
```
### Ответ

Сделано

## Задача 20

Погасите тестовый хост, vagrant destroy.

### Ответ
```
roman@DME-UBUNTU:/data/VMs/vagrant$ vagrant destroy
    default: Are you sure you want to destroy the 'default' VM? [y/N] y
==> default: Destroying VM and associated drives...
```